============================================================
  PCN MNIST Baseline — forward_xl (single-pass top-layer)
============================================================

  Architecture : [784, 512, 512, 10]
  Epochs       : 35
  Batch size   : 512
  eta_x        : 0.1
  eta_w        : 0.005
  Inf. steps   : 50
  Evaluation   : forward_xl (1 pass, free top layer)

Loading MNIST...
WARNING: All log messages before absl::InitializeLog() is called are written to STDERR
I0000 00:00:1786968757.239052   34296 port.cc:153] oneDNN custom operations are on. You may see slightly different numerical results due to floating-point round-off errors from different computation orders. To turn them off, set the environment variable `TF_ENABLE_ONEDNN_OPTS=0`.
I0000 00:00:1786968757.239427   34296 cudart_stub.cc:31] Could not find cuda drivers on your machine, GPU will not be used.
WARNING: All log messages before absl::InitializeLog() is called are written to STDERR
I0000 00:00:1786968758.630334   34296 port.cc:153] oneDNN custom operations are on. You may see slightly different numerical results due to floating-point round-off errors from different computation orders. To turn them off, set the environment variable `TF_ENABLE_ONEDNN_OPTS=0`.
I0000 00:00:1786968758.630598   34296 cudart_stub.cc:31] Could not find cuda drivers on your machine, GPU will not be used.
  Train: (60000, 784)  Test: (10000, 784)

 Epoch     Train E   Train Acc    Test Acc   Time(s)
--------------------------------------------------------
     0     54.1124      45.04%      45.43%     105.2s
     1     33.1190      60.99%          -      96.4s
     2     27.6085      66.81%          -      95.0s
     3     24.4386      69.38%          -      94.6s
     4     22.2555      70.97%      72.44%     102.4s
     5     20.6019      72.27%          -      94.4s
     6     19.2839      73.22%          -      93.2s
     7     18.1955      74.12%          -      93.0s
     8     17.2862      75.00%          -      94.4s
     9     16.4949      75.63%      76.80%     102.6s
    10     15.8004      76.21%          -      94.7s
    11     15.1992      76.62%          -      92.4s
    12     14.6618      77.00%          -      91.5s
    13     14.1883      77.25%          -      91.4s
    14     13.7577      77.54%      78.57%      99.0s
    15     13.3542      77.76%          -      91.4s
    16     12.9936      77.92%          -      91.6s
    17     12.6556      78.07%          -     254.6s
    18     12.3402      78.09%          -      97.3s
    19     12.0543      78.17%      79.11%     103.7s
    20     11.7795      78.19%          -      94.9s
    21     11.5321      78.24%          -      94.9s
    22     11.3015      78.28%          -      94.6s
    23     11.0749      78.31%          -      91.5s
    24     10.8688      78.34%      79.33%     102.5s
    25     10.6643      78.35%          -      94.9s
    26     10.4826      78.32%          -      95.0s
    27     10.3045      78.29%          -      93.7s
    28     10.1354      78.24%          -      93.7s
    29      9.9719      78.20%      79.33%     105.7s
    30      9.8190      78.17%          -     191.1s
    31      9.6687      78.15%          -     195.5s
    32      9.5311      78.16%          -     202.8s
    33      9.3943      78.14%          -     193.3s
    34      9.2637      78.09%      79.24%     216.3s

============================================================
  Final Train Accuracy : 78.09%
  Final Test  Accuracy : 79.24%
============================================================

  [OK]   Model is learning but not yet competitive.
