
=== Class-IL run (CE training / softmax evaluation) ===

--- Training Task 1 ---

[PCNMethod] Task 1 | Class-IL | inference_steps=40 | eta_x=0.1 | eta_w=0.005
  Task 1 energy before training: 237.1473
  Epoch   1/25 | avg settled energy: 44.5743
  Epoch   2/25 | avg settled energy: 25.4786
  Epoch   3/25 | avg settled energy: 21.4513
  Epoch   4/25 | avg settled energy: 19.2088
  Epoch   5/25 | avg settled energy: 17.6766
  Epoch   6/25 | avg settled energy: 16.5137
  Epoch   7/25 | avg settled energy: 15.5759
  Epoch   8/25 | avg settled energy: 14.7956
  Epoch   9/25 | avg settled energy: 14.1322
  Epoch  10/25 | avg settled energy: 13.5547
  Epoch  11/25 | avg settled energy: 13.0469
  Epoch  12/25 | avg settled energy: 12.5953
  Epoch  13/25 | avg settled energy: 12.1886
  Epoch  14/25 | avg settled energy: 11.8211
  Epoch  15/25 | avg settled energy: 11.4854
  Epoch  16/25 | avg settled energy: 11.1778
  Epoch  17/25 | avg settled energy: 10.8956
  Epoch  18/25 | avg settled energy: 10.6344
  Epoch  19/25 | avg settled energy: 10.3922
  Epoch  20/25 | avg settled energy: 10.1666
  Epoch  21/25 | avg settled energy: 9.9540
  Epoch  22/25 | avg settled energy: 9.7562
  Epoch  23/25 | avg settled energy: 9.5707
  Epoch  24/25 | avg settled energy: 9.3921
  Epoch  25/25 | avg settled energy: 9.2249
  Task 1 energy after training:  9.1393
  Task 1 done. Mean train energy over epochs: 14.6105
  Task 1 -> Class-IL: 83.88% (NLL 1.494)
  Task 2 -> Class-IL: 8.18% (NLL 2.115)
  Task 3 -> Class-IL: 18.89% (NLL 2.048)
  Task 4 -> Class-IL: 5.79% (NLL 2.196)
  Task 5 -> Class-IL: 1.46% (NLL 2.230)

--- Training Task 2 ---

[PCNMethod] Task 2 | Class-IL | inference_steps=40 | eta_x=0.1 | eta_w=0.005
  Task 2 energy before training: 31.4473
  Epoch   1/25 | avg settled energy: 24.8724
  Epoch   2/25 | avg settled energy: 21.6866
  Epoch   3/25 | avg settled energy: 19.9512
  Epoch   4/25 | avg settled energy: 18.7224
  Epoch   5/25 | avg settled energy: 17.7361
  Epoch   6/25 | avg settled energy: 16.9204
  Epoch   7/25 | avg settled energy: 16.2345
  Epoch   8/25 | avg settled energy: 15.6334
  Epoch   9/25 | avg settled energy: 15.0922
  Epoch  10/25 | avg settled energy: 14.6292
  Epoch  11/25 | avg settled energy: 14.2011
  Epoch  12/25 | avg settled energy: 13.8311
  Epoch  13/25 | avg settled energy: 13.4801
  Epoch  14/25 | avg settled energy: 13.1622
  Epoch  15/25 | avg settled energy: 12.8624
  Epoch  16/25 | avg settled energy: 12.5913
  Epoch  17/25 | avg settled energy: 12.3351
  Epoch  18/25 | avg settled energy: 12.0926
  Epoch  19/25 | avg settled energy: 11.8736
  Epoch  20/25 | avg settled energy: 11.6596
  Epoch  21/25 | avg settled energy: 11.4580
  Epoch  22/25 | avg settled energy: 11.2755
  Epoch  23/25 | avg settled energy: 11.0897
  Epoch  24/25 | avg settled energy: 10.9188
  Epoch  25/25 | avg settled energy: 10.7593
  Task 2 energy after training:  10.6736
  Task 2 done. Mean train energy over epochs: 14.6027
  Task 1 -> Class-IL: 70.59% (NLL 1.809)
  Task 2 -> Class-IL: 63.22% (NLL 1.864)
  Task 3 -> Class-IL: 24.60% (NLL 2.023)
  Task 4 -> Class-IL: 3.42% (NLL 2.113)
  Task 5 -> Class-IL: 6.45% (NLL 2.093)

--- Training Task 3 ---

[PCNMethod] Task 3 | Class-IL | inference_steps=40 | eta_x=0.1 | eta_w=0.005
  Task 3 energy before training: 15.7339
  Epoch   1/25 | avg settled energy: 13.7463
  Epoch   2/25 | avg settled energy: 12.8168
  Epoch   3/25 | avg settled energy: 12.2807
  Epoch   4/25 | avg settled energy: 11.8688
  Epoch   5/25 | avg settled energy: 11.5232
  Epoch   6/25 | avg settled energy: 11.2227
  Epoch   7/25 | avg settled energy: 10.9547
  Epoch   8/25 | avg settled energy: 10.7082
  Epoch   9/25 | avg settled energy: 10.4854
  Epoch  10/25 | avg settled energy: 10.2779
  Epoch  11/25 | avg settled energy: 10.0925
  Epoch  12/25 | avg settled energy: 9.9236
  Epoch  13/25 | avg settled energy: 9.7681
  Epoch  14/25 | avg settled energy: 9.6251
  Epoch  15/25 | avg settled energy: 9.4904
  Epoch  16/25 | avg settled energy: 9.3638
  Epoch  17/25 | avg settled energy: 9.2436
  Epoch  18/25 | avg settled energy: 9.1324
  Epoch  19/25 | avg settled energy: 9.0239
  Epoch  20/25 | avg settled energy: 8.9209
  Epoch  21/25 | avg settled energy: 8.8209
  Epoch  22/25 | avg settled energy: 8.7219
  Epoch  23/25 | avg settled energy: 8.6240
  Epoch  24/25 | avg settled energy: 8.5318
  Epoch  25/25 | avg settled energy: 8.4448
  Task 3 energy after training:  8.3962
  Task 3 done. Mean train energy over epochs: 10.1445
  Task 1 -> Class-IL: 64.73% (NLL 1.883)
  Task 2 -> Class-IL: 43.34% (NLL 1.914)
  Task 3 -> Class-IL: 68.78% (NLL 1.798)
  Task 4 -> Class-IL: 5.04% (NLL 2.059)
  Task 5 -> Class-IL: 6.45% (NLL 2.059)

--- Training Task 4 ---

[PCNMethod] Task 4 | Class-IL | inference_steps=40 | eta_x=0.1 | eta_w=0.005
  Task 4 energy before training: 12.7119
  Epoch   1/25 | avg settled energy: 11.4277
  Epoch   2/25 | avg settled energy: 10.8300
  Epoch   3/25 | avg settled energy: 10.4273
  Epoch   4/25 | avg settled energy: 9.9395
  Epoch   5/25 | avg settled energy: 9.5313
  Epoch   6/25 | avg settled energy: 9.2047
  Epoch   7/25 | avg settled energy: 8.9488
  Epoch   8/25 | avg settled energy: 8.7378
  Epoch   9/25 | avg settled energy: 8.4984
  Epoch  10/25 | avg settled energy: 8.3004
  Epoch  11/25 | avg settled energy: 8.1385
  Epoch  12/25 | avg settled energy: 7.9994
  Epoch  13/25 | avg settled energy: 7.8894
  Epoch  14/25 | avg settled energy: 7.7683
  Epoch  15/25 | avg settled energy: 7.6712
  Epoch  16/25 | avg settled energy: 7.5648
  Epoch  17/25 | avg settled energy: 7.4799
  Epoch  18/25 | avg settled energy: 7.3872
  Epoch  19/25 | avg settled energy: 7.3072
  Epoch  20/25 | avg settled energy: 7.2449
  Epoch  21/25 | avg settled energy: 7.1738
  Epoch  22/25 | avg settled energy: 7.0852
  Epoch  23/25 | avg settled energy: 7.0287
  Epoch  24/25 | avg settled energy: 6.9589
  Epoch  25/25 | avg settled energy: 6.8907
  Task 4 energy after training:  6.8760
  Task 4 done. Mean train energy over epochs: 8.2974
  Task 1 -> Class-IL: 63.36% (NLL 1.850)
  Task 2 -> Class-IL: 44.86% (NLL 1.781)
  Task 3 -> Class-IL: 47.39% (NLL 1.812)
  Task 4 -> Class-IL: 74.77% (NLL 1.631)
  Task 5 -> Class-IL: 24.46% (NLL 1.897)

--- Training Task 5 ---

[PCNMethod] Task 5 | Class-IL | inference_steps=40 | eta_x=0.1 | eta_w=0.005
  Task 5 energy before training: 9.0438
  Epoch   1/25 | avg settled energy: 8.2937
  Epoch   2/25 | avg settled energy: 7.9753
  Epoch   3/25 | avg settled energy: 7.8293
  Epoch   4/25 | avg settled energy: 7.6893
  Epoch   5/25 | avg settled energy: 7.5740
  Epoch   6/25 | avg settled energy: 7.4714
  Epoch   7/25 | avg settled energy: 7.3678
  Epoch   8/25 | avg settled energy: 7.3033
  Epoch   9/25 | avg settled energy: 7.2330
  Epoch  10/25 | avg settled energy: 7.1794
  Epoch  11/25 | avg settled energy: 7.1182
  Epoch  12/25 | avg settled energy: 7.0487
  Epoch  13/25 | avg settled energy: 7.0034
  Epoch  14/25 | avg settled energy: 6.9438
  Epoch  15/25 | avg settled energy: 6.8954
  Epoch  16/25 | avg settled energy: 6.8633
  Epoch  17/25 | avg settled energy: 6.8147
  Epoch  18/25 | avg settled energy: 6.7682
  Epoch  19/25 | avg settled energy: 6.7289
  Epoch  20/25 | avg settled energy: 6.6981
  Epoch  21/25 | avg settled energy: 6.6673
  Epoch  22/25 | avg settled energy: 6.6378
  Epoch  23/25 | avg settled energy: 6.5945
  Epoch  24/25 | avg settled energy: 6.5576
  Epoch  25/25 | avg settled energy: 6.5329
  Task 5 energy after training:  6.5074
  Task 5 done. Mean train energy over epochs: 7.1116
  Task 1 -> Class-IL: 51.30% (NLL 2.106)
  Task 2 -> Class-IL: 48.38% (NLL 1.734)
  Task 3 -> Class-IL: 58.80% (NLL 1.755)
  Task 4 -> Class-IL: 78.50% (NLL 1.538)
  Task 5 -> Class-IL: 73.88% (NLL 1.752)

=== Task-IL run (BCE training / sigmoid evaluation) ===

--- Training Task 1 ---

[PCNMethod] Task 1 | Task-IL | inference_steps=40 | eta_x=0.1 | eta_w=0.005
  Task 1 energy before training: 237.1473
  Epoch   1/25 | avg settled energy: 44.5743
  Epoch   2/25 | avg settled energy: 25.4786
  Epoch   3/25 | avg settled energy: 21.4513
  Epoch   4/25 | avg settled energy: 19.2088
  Epoch   5/25 | avg settled energy: 17.6766
  Epoch   6/25 | avg settled energy: 16.5137
  Epoch   7/25 | avg settled energy: 15.5759
  Epoch   8/25 | avg settled energy: 14.7956
  Epoch   9/25 | avg settled energy: 14.1322
  Epoch  10/25 | avg settled energy: 13.5547
  Epoch  11/25 | avg settled energy: 13.0469
  Epoch  12/25 | avg settled energy: 12.5953
  Epoch  13/25 | avg settled energy: 12.1886
  Epoch  14/25 | avg settled energy: 11.8211
  Epoch  15/25 | avg settled energy: 11.4854
  Epoch  16/25 | avg settled energy: 11.1778
  Epoch  17/25 | avg settled energy: 10.8956
  Epoch  18/25 | avg settled energy: 10.6344
  Epoch  19/25 | avg settled energy: 10.3922
  Epoch  20/25 | avg settled energy: 10.1666
  Epoch  21/25 | avg settled energy: 9.9540
  Epoch  22/25 | avg settled energy: 9.7562
  Epoch  23/25 | avg settled energy: 9.5707
  Epoch  24/25 | avg settled energy: 9.3921
  Epoch  25/25 | avg settled energy: 9.2249
  Task 1 energy after training:  9.1393
  Task 1 done. Mean train energy over epochs: 14.6105
  Task 1 -> Task-IL: 99.29% (NLL 0.046)
  Task 2 -> Task-IL: 57.35% (NLL 0.684)
  Task 3 -> Task-IL: 58.32% (NLL 0.667)
  Task 4 -> Task-IL: 23.56% (NLL 0.792)
  Task 5 -> Task-IL: 36.91% (NLL 0.727)

--- Training Task 2 ---

[PCNMethod] Task 2 | Task-IL | inference_steps=40 | eta_x=0.1 | eta_w=0.005
  Task 2 energy before training: 31.4473
  Epoch   1/25 | avg settled energy: 24.8724
  Epoch   2/25 | avg settled energy: 21.6866
  Epoch   3/25 | avg settled energy: 19.9512
  Epoch   4/25 | avg settled energy: 18.7224
  Epoch   5/25 | avg settled energy: 17.7361
  Epoch   6/25 | avg settled energy: 16.9204
  Epoch   7/25 | avg settled energy: 16.2345
  Epoch   8/25 | avg settled energy: 15.6334
  Epoch   9/25 | avg settled energy: 15.0922
  Epoch  10/25 | avg settled energy: 14.6292
  Epoch  11/25 | avg settled energy: 14.2011
  Epoch  12/25 | avg settled energy: 13.8311
  Epoch  13/25 | avg settled energy: 13.4801
  Epoch  14/25 | avg settled energy: 13.1622
  Epoch  15/25 | avg settled energy: 12.8624
  Epoch  16/25 | avg settled energy: 12.5913
  Epoch  17/25 | avg settled energy: 12.3351
  Epoch  18/25 | avg settled energy: 12.0926
  Epoch  19/25 | avg settled energy: 11.8736
  Epoch  20/25 | avg settled energy: 11.6596
  Epoch  21/25 | avg settled energy: 11.4580
  Epoch  22/25 | avg settled energy: 11.2755
  Epoch  23/25 | avg settled energy: 11.0897
  Epoch  24/25 | avg settled energy: 10.9188
  Epoch  25/25 | avg settled energy: 10.7593
  Task 2 energy after training:  10.6736
  Task 2 done. Mean train energy over epochs: 14.6027
  Task 1 -> Task-IL: 99.57% (NLL 0.055)
  Task 2 -> Task-IL: 95.54% (NLL 0.317)
  Task 3 -> Task-IL: 55.28% (NLL 0.686)
  Task 4 -> Task-IL: 22.46% (NLL 0.755)
  Task 5 -> Task-IL: 43.42% (NLL 0.707)

--- Training Task 3 ---

[PCNMethod] Task 3 | Task-IL | inference_steps=40 | eta_x=0.1 | eta_w=0.005
  Task 3 energy before training: 15.7339
  Epoch   1/25 | avg settled energy: 13.7463
  Epoch   2/25 | avg settled energy: 12.8168
  Epoch   3/25 | avg settled energy: 12.2807
  Epoch   4/25 | avg settled energy: 11.8688
  Epoch   5/25 | avg settled energy: 11.5232
  Epoch   6/25 | avg settled energy: 11.2227
  Epoch   7/25 | avg settled energy: 10.9547
  Epoch   8/25 | avg settled energy: 10.7082
  Epoch   9/25 | avg settled energy: 10.4854
  Epoch  10/25 | avg settled energy: 10.2779
  Epoch  11/25 | avg settled energy: 10.0925
  Epoch  12/25 | avg settled energy: 9.9236
  Epoch  13/25 | avg settled energy: 9.7681
  Epoch  14/25 | avg settled energy: 9.6251
  Epoch  15/25 | avg settled energy: 9.4904
  Epoch  16/25 | avg settled energy: 9.3638
  Epoch  17/25 | avg settled energy: 9.2436
  Epoch  18/25 | avg settled energy: 9.1324
  Epoch  19/25 | avg settled energy: 9.0239
  Epoch  20/25 | avg settled energy: 8.9209
  Epoch  21/25 | avg settled energy: 8.8209
  Epoch  22/25 | avg settled energy: 8.7219
  Epoch  23/25 | avg settled energy: 8.6240
  Epoch  24/25 | avg settled energy: 8.5318
  Epoch  25/25 | avg settled energy: 8.4448
  Task 3 energy after training:  8.3962
  Task 3 done. Mean train energy over epochs: 10.1445
  Task 1 -> Task-IL: 99.62% (NLL 0.075)
  Task 2 -> Task-IL: 91.38% (NLL 0.369)
  Task 3 -> Task-IL: 96.91% (NLL 0.325)
  Task 4 -> Task-IL: 27.14% (NLL 0.737)
  Task 5 -> Task-IL: 56.83% (NLL 0.687)

--- Training Task 4 ---

[PCNMethod] Task 4 | Task-IL | inference_steps=40 | eta_x=0.1 | eta_w=0.005
  Task 4 energy before training: 12.7119
  Epoch   1/25 | avg settled energy: 11.4277
  Epoch   2/25 | avg settled energy: 10.8300
  Epoch   3/25 | avg settled energy: 10.4273
  Epoch   4/25 | avg settled energy: 9.9395
  Epoch   5/25 | avg settled energy: 9.5313
  Epoch   6/25 | avg settled energy: 9.2047
  Epoch   7/25 | avg settled energy: 8.9488
  Epoch   8/25 | avg settled energy: 8.7378
  Epoch   9/25 | avg settled energy: 8.4984
  Epoch  10/25 | avg settled energy: 8.3004
  Epoch  11/25 | avg settled energy: 8.1385
  Epoch  12/25 | avg settled energy: 7.9994
  Epoch  13/25 | avg settled energy: 7.8894
  Epoch  14/25 | avg settled energy: 7.7683
  Epoch  15/25 | avg settled energy: 7.6712
  Epoch  16/25 | avg settled energy: 7.5648
  Epoch  17/25 | avg settled energy: 7.4799
  Epoch  18/25 | avg settled energy: 7.3872
  Epoch  19/25 | avg settled energy: 7.3072
  Epoch  20/25 | avg settled energy: 7.2449
  Epoch  21/25 | avg settled energy: 7.1738
  Epoch  22/25 | avg settled energy: 7.0852
  Epoch  23/25 | avg settled energy: 7.0287
  Epoch  24/25 | avg settled energy: 6.9589
  Epoch  25/25 | avg settled energy: 6.8907
  Task 4 energy after training:  6.8760
  Task 4 done. Mean train energy over epochs: 8.2974
  Task 1 -> Task-IL: 98.72% (NLL 0.123)
  Task 2 -> Task-IL: 95.45% (NLL 0.361)
  Task 3 -> Task-IL: 95.25% (NLL 0.353)
  Task 4 -> Task-IL: 98.19% (NLL 0.192)
  Task 5 -> Task-IL: 55.42% (NLL 0.692)

--- Training Task 5 ---

[PCNMethod] Task 5 | Task-IL | inference_steps=40 | eta_x=0.1 | eta_w=0.005
  Task 5 energy before training: 9.0438
  Epoch   1/25 | avg settled energy: 8.2937
  Epoch   2/25 | avg settled energy: 7.9753
  Epoch   3/25 | avg settled energy: 7.8293
  Epoch   4/25 | avg settled energy: 7.6893
  Epoch   5/25 | avg settled energy: 7.5740
  Epoch   6/25 | avg settled energy: 7.4714
  Epoch   7/25 | avg settled energy: 7.3678
  Epoch   8/25 | avg settled energy: 7.3033
  Epoch   9/25 | avg settled energy: 7.2330
  Epoch  10/25 | avg settled energy: 7.1794
  Epoch  11/25 | avg settled energy: 7.1182
  Epoch  12/25 | avg settled energy: 7.0487
  Epoch  13/25 | avg settled energy: 7.0034
  Epoch  14/25 | avg settled energy: 6.9438
  Epoch  15/25 | avg settled energy: 6.8954
  Epoch  16/25 | avg settled energy: 6.8633
  Epoch  17/25 | avg settled energy: 6.8147
  Epoch  18/25 | avg settled energy: 6.7682
  Epoch  19/25 | avg settled energy: 6.7289
  Epoch  20/25 | avg settled energy: 6.6981
  Epoch  21/25 | avg settled energy: 6.6673
  Epoch  22/25 | avg settled energy: 6.6378
  Epoch  23/25 | avg settled energy: 6.5945
  Epoch  24/25 | avg settled energy: 6.5576
  Epoch  25/25 | avg settled energy: 6.5329
  Task 5 energy after training:  6.5074
  Task 5 done. Mean train energy over epochs: 7.1116
  Task 1 -> Task-IL: 94.23% (NLL 0.313)
  Task 2 -> Task-IL: 94.76% (NLL 0.378)
  Task 3 -> Task-IL: 94.93% (NLL 0.367)
  Task 4 -> Task-IL: 96.98% (NLL 0.203)
  Task 5 -> Task-IL: 95.76% (NLL 0.390)

=== pcn ===
Task-IL  | ACC: 0.9533 | NLL: 0.3299 | BWT: -0.0226 | FWT: -0.0128 | Forgetting: 0.0234
           NLL-space | BWT: -0.0951 | BWT(best): -0.0951 | FWT: 0.0208 | Forgetting: 0.0951
           per-task NLL: 0.3128, 0.3782, 0.3665, 0.2025, 0.3896
           BCE-NLL avg: 7.2373 | per-task: 6.8461, 8.7360, 7.1762, 7.1591, 6.2694
Class-IL | ACC: 0.6217 | NLL: 1.7768 | BWT: -0.1342 | FWT: 0.0958 | Forgetting: 0.1435
           NLL-space | BWT: -0.0866 | BWT(best): -0.1530 | FWT: 0.3831 | Forgetting: 0.1530
           per-task NLL: 2.1058, 1.7340, 1.7545, 1.5383, 1.7516
Logs saved in results/pcn
Plots saved in results/pcn/plots
