WARNING: All log messages before absl::InitializeLog() is called are written to STDERR
I0000 00:00:1786964079.621698   24526 port.cc:153] oneDNN custom operations are on. You may see slightly different numerical results due to floating-point round-off errors from different computation orders. To turn them off, set the environment variable `TF_ENABLE_ONEDNN_OPTS=0`.
I0000 00:00:1786964079.624584   24526 cudart_stub.cc:31] Could not find cuda drivers on your machine, GPU will not be used.
WARNING: All log messages before absl::InitializeLog() is called are written to STDERR
I0000 00:00:1786964083.099856   24526 port.cc:153] oneDNN custom operations are on. You may see slightly different numerical results due to floating-point round-off errors from different computation orders. To turn them off, set the environment variable `TF_ENABLE_ONEDNN_OPTS=0`.
I0000 00:00:1786964083.103228   24526 cudart_stub.cc:31] Could not find cuda drivers on your machine, GPU will not be used.
PCN Benchmark — forward_xl (single-pass top-layer readout)
  layer_sizes=[784, 512, 512, 10]  inference_steps=40

=== Class-IL run (CE training / softmax evaluation) ===

--- Training Task 1 ---
 0.1
ETA_W           = 0.005
INFERENCE_STEPS = 50
[PCNMethod] Task 1 | Class-IL | inference_steps=40 | eta_x=0.1 | eta_w=0.005
  Task 1 energy before training: 237.1473
  Epoch   1/25 | avg settled energy: 44.5743
  Epoch   2/25 | avg settled energy: 25.4786
  Epoch   3/25 | avg settled energy: 21.4513
  Epoch   4/25 | avg settled energy: 19.2088
  Epoch   5/25 | avg settled energy: 17.6766
  Epoch   6/25 | avg settled energy: 16.5137
  Epoch   7/25 | avg settled energy: 15.5759
  Epoch   8/25 | avg settled energy: 14.7956
  Epoch   9/25 | avg settled energy: 14.1322
  Epoch  10/25 | avg settled energy: 13.5547
  Epoch  11/25 | avg settled energy: 13.0469
  Epoch  12/25 | avg settled energy: 12.5953
  Epoch  13/25 | avg settled energy: 12.1886
  Epoch  14/25 | avg settled energy: 11.8211
  Epoch  15/25 | avg settled energy: 11.4854
  Epoch  16/25 | avg settled energy: 11.1778
  Epoch  17/25 | avg settled energy: 10.8956
  Epoch  18/25 | avg settled energy: 10.6344
  Epoch  19/25 | avg settled energy: 10.3922
  Epoch  20/25 | avg settled energy: 10.1666
  Epoch  21/25 | avg settled energy: 9.9540
  Epoch  22/25 | avg settled energy: 9.7562
  Epoch  23/25 | avg settled energy: 9.5707
  Epoch  24/25 | avg settled energy: 9.3921
  Epoch  25/25 | avg settled energy: 9.2249
  Task 1 energy after training:  9.1393
  Task 1 done. Mean train energy over epochs: 14.6105
  Task 1 -> Class-IL: 99.72% (NLL 0.134)
  Task 2 -> Class-IL: 0.00% (NLL 4.280)
  Task 3 -> Class-IL: 0.00% (NLL 4.043)
  Task 4 -> Class-IL: 0.00% (NLL 4.774)
  Task 5 -> Class-IL: 0.00% (NLL 3.773)

--- Training Task 2 ---

[PCNMethod] Task 2 | Class-IL | inference_steps=40 | eta_x=0.1 | eta_w=0.005
  Task 2 energy before training: 31.4473
  Epoch   1/25 | avg settled energy: 24.8724
  Epoch   2/25 | avg settled energy: 21.6866
  Epoch   3/25 | avg settled energy: 19.9512
  Epoch   4/25 | avg settled energy: 18.7224
  Epoch   5/25 | avg settled energy: 17.7361
  Epoch   6/25 | avg settled energy: 16.9204
  Epoch   7/25 | avg settled energy: 16.2345
  Epoch   8/25 | avg settled energy: 15.6334
  Epoch   9/25 | avg settled energy: 15.0922
  Epoch  10/25 | avg settled energy: 14.6292
  Epoch  11/25 | avg settled energy: 14.2011
  Epoch  12/25 | avg settled energy: 13.8311
  Epoch  13/25 | avg settled energy: 13.4801
  Epoch  14/25 | avg settled energy: 13.1622
  Epoch  15/25 | avg settled energy: 12.8624
  Epoch  16/25 | avg settled energy: 12.5913
  Epoch  17/25 | avg settled energy: 12.3351
  Epoch  18/25 | avg settled energy: 12.0926
  Epoch  19/25 | avg settled energy: 11.8736
  Epoch  20/25 | avg settled energy: 11.6596
  Epoch  21/25 | avg settled energy: 11.4580
  Epoch  22/25 | avg settled energy: 11.2755
  Epoch  23/25 | avg settled energy: 11.0897
  Epoch  24/25 | avg settled energy: 10.9188
  Epoch  25/25 | avg settled energy: 10.7593
  Task 2 energy after training:  10.6736
  Task 2 done. Mean train energy over epochs: 14.6027
  Task 1 -> Class-IL: 96.03% (NLL 0.562)
  Task 2 -> Class-IL: 71.45% (NLL 1.020)
  Task 3 -> Class-IL: 0.00% (NLL 3.264)
  Task 4 -> Class-IL: 0.00% (NLL 3.933)
  Task 5 -> Class-IL: 0.00% (NLL 3.322)

--- Training Task 3 ---

[PCNMethod] Task 3 | Class-IL | inference_steps=40 | eta_x=0.1 | eta_w=0.005
  Task 3 energy before training: 15.7339
  Epoch   1/25 | avg settled energy: 13.7463
  Epoch   2/25 | avg settled energy: 12.8168
  Epoch   3/25 | avg settled energy: 12.2807
  Epoch   4/25 | avg settled energy: 11.8688
  Epoch   5/25 | avg settled energy: 11.5232
  Epoch   6/25 | avg settled energy: 11.2227
  Epoch   7/25 | avg settled energy: 10.9547
  Epoch   8/25 | avg settled energy: 10.7082
  Epoch   9/25 | avg settled energy: 10.4854
  Epoch  10/25 | avg settled energy: 10.2779
  Epoch  11/25 | avg settled energy: 10.0925
  Epoch  12/25 | avg settled energy: 9.9236
  Epoch  13/25 | avg settled energy: 9.7681
  Epoch  14/25 | avg settled energy: 9.6251
  Epoch  15/25 | avg settled energy: 9.4904
  Epoch  16/25 | avg settled energy: 9.3638
  Epoch  17/25 | avg settled energy: 9.2436
  Epoch  18/25 | avg settled energy: 9.1324
  Epoch  19/25 | avg settled energy: 9.0239
  Epoch  20/25 | avg settled energy: 8.9209
  Epoch  21/25 | avg settled energy: 8.8209
  Epoch  22/25 | avg settled energy: 8.7219
  Epoch  23/25 | avg settled energy: 8.6240
  Epoch  24/25 | avg settled energy: 8.5318
  Epoch  25/25 | avg settled energy: 8.4448
  Task 3 energy after training:  8.3962
  Task 3 done. Mean train energy over epochs: 10.1445
  Task 1 -> Class-IL: 76.64% (NLL 1.016)
  Task 2 -> Class-IL: 73.51% (NLL 1.211)
  Task 3 -> Class-IL: 76.31% (NLL 1.062)
  Task 4 -> Class-IL: 0.00% (NLL 3.685)
  Task 5 -> Class-IL: 0.05% (NLL 3.386)

--- Training Task 4 ---

[PCNMethod] Task 4 | Class-IL | inference_steps=40 | eta_x=0.1 | eta_w=0.005
  Task 4 energy before training: 12.7119
  Epoch   1/25 | avg settled energy: 11.4277
  Epoch   2/25 | avg settled energy: 10.8300
  Epoch   3/25 | avg settled energy: 10.4273
  Epoch   4/25 | avg settled energy: 9.9395
  Epoch   5/25 | avg settled energy: 9.5313
  Epoch   6/25 | avg settled energy: 9.2047
  Epoch   7/25 | avg settled energy: 8.9488
  Epoch   8/25 | avg settled energy: 8.7378
  Epoch   9/25 | avg settled energy: 8.4984
  Epoch  10/25 | avg settled energy: 8.3004
  Epoch  11/25 | avg settled energy: 8.1385
  Epoch  12/25 | avg settled energy: 7.9994
  Epoch  13/25 | avg settled energy: 7.8894
  Epoch  14/25 | avg settled energy: 7.7683
  Epoch  15/25 | avg settled energy: 7.6712
  Epoch  16/25 | avg settled energy: 7.5648
  Epoch  17/25 | avg settled energy: 7.4799
  Epoch  18/25 | avg settled energy: 7.3872
  Epoch  19/25 | avg settled energy: 7.3072
  Epoch  20/25 | avg settled energy: 7.2449
  Epoch  21/25 | avg settled energy: 7.1738
  Epoch  22/25 | avg settled energy: 7.0852
  Epoch  23/25 | avg settled energy: 7.0287
  Epoch  24/25 | avg settled energy: 6.9589
  Epoch  25/25 | avg settled energy: 6.8907
  Task 4 energy after training:  6.8760
  Task 4 done. Mean train energy over epochs: 8.2974
  Task 1 -> Class-IL: 68.98% (NLL 1.323)
  Task 2 -> Class-IL: 68.41% (NLL 1.429)
  Task 3 -> Class-IL: 65.64% (NLL 1.358)
  Task 4 -> Class-IL: 82.68% (NLL 1.060)
  Task 5 -> Class-IL: 0.00% (NLL 3.257)

--- Training Task 5 ---

[PCNMethod] Task 5 | Class-IL | inference_steps=40 | eta_x=0.1 | eta_w=0.005
  Task 5 energy before training: 9.0438
  Epoch   1/25 | avg settled energy: 8.2937
  Epoch   2/25 | avg settled energy: 7.9753
  Epoch   3/25 | avg settled energy: 7.8293
  Epoch   4/25 | avg settled energy: 7.6893
  Epoch   5/25 | avg settled energy: 7.5740
  Epoch   6/25 | avg settled energy: 7.4714
  Epoch   7/25 | avg settled energy: 7.3678
  Epoch   8/25 | avg settled energy: 7.3033
  Epoch   9/25 | avg settled energy: 7.2330
  Epoch  10/25 | avg settled energy: 7.1794
  Epoch  11/25 | avg settled energy: 7.1182
  Epoch  12/25 | avg settled energy: 7.0487
  Epoch  13/25 | avg settled energy: 7.0034
  Epoch  14/25 | avg settled energy: 6.9438
  Epoch  15/25 | avg settled energy: 6.8954
  Epoch  16/25 | avg settled energy: 6.8633
  Epoch  17/25 | avg settled energy: 6.8147
  Epoch  18/25 | avg settled energy: 6.7682
  Epoch  19/25 | avg settled energy: 6.7289
  Epoch  20/25 | avg settled energy: 6.6981
  Epoch  21/25 | avg settled energy: 6.6673
  Epoch  22/25 | avg settled energy: 6.6378
  Epoch  23/25 | avg settled energy: 6.5945
  Epoch  24/25 | avg settled energy: 6.5576
  Epoch  25/25 | avg settled energy: 6.5329
  Task 5 energy after training:  6.5074
  Task 5 done. Mean train energy over epochs: 7.1116
  Task 1 -> Class-IL: 58.87% (NLL 1.568)
  Task 2 -> Class-IL: 50.69% (NLL 1.665)
  Task 3 -> Class-IL: 52.77% (NLL 1.588)
  Task 4 -> Class-IL: 79.41% (NLL 1.170)
  Task 5 -> Class-IL: 71.81% (NLL 1.399)

=== Task-IL run (BCE training / sigmoid evaluation) ===

--- Training Task 1 ---

[PCNMethod] Task 1 | Task-IL | inference_steps=40 | eta_x=0.1 | eta_w=0.005
  Task 1 energy before training: 237.1473
  Epoch   1/25 | avg settled energy: 44.5743
  Epoch   2/25 | avg settled energy: 25.4786
  Epoch   3/25 | avg settled energy: 21.4513
  Epoch   4/25 | avg settled energy: 19.2088
  Epoch   5/25 | avg settled energy: 17.6766
  Epoch   6/25 | avg settled energy: 16.5137
  Epoch   7/25 | avg settled energy: 15.5759
  Epoch   8/25 | avg settled energy: 14.7956
  Epoch   9/25 | avg settled energy: 14.1322
  Epoch  10/25 | avg settled energy: 13.5547
  Epoch  11/25 | avg settled energy: 13.0469
  Epoch  12/25 | avg settled energy: 12.5953
  Epoch  13/25 | avg settled energy: 12.1886
  Epoch  14/25 | avg settled energy: 11.8211
  Epoch  15/25 | avg settled energy: 11.4854
  Epoch  16/25 | avg settled energy: 11.1778
  Epoch  17/25 | avg settled energy: 10.8956
  Epoch  18/25 | avg settled energy: 10.6344
  Epoch  19/25 | avg settled energy: 10.3922
  Epoch  20/25 | avg settled energy: 10.1666
  Epoch  21/25 | avg settled energy: 9.9540
  Epoch  22/25 | avg settled energy: 9.7562
  Epoch  23/25 | avg settled energy: 9.5707
  Epoch  24/25 | avg settled energy: 9.3921
  Epoch  25/25 | avg settled energy: 9.2249
  Task 1 energy after training:  9.1393
  Task 1 done. Mean train energy over epochs: 14.6105
  Task 1 -> Task-IL: 99.72% (NLL 0.051)
  Task 2 -> Task-IL: 36.88% (NLL 0.801)
  Task 3 -> Task-IL: 44.72% (NLL 0.844)
  Task 4 -> Task-IL: 28.90% (NLL 0.858)
  Task 5 -> Task-IL: 51.13% (NLL 0.853)

--- Training Task 2 ---

[PCNMethod] Task 2 | Task-IL | inference_steps=40 | eta_x=0.1 | eta_w=0.005
  Task 2 energy before training: 31.4473
  Epoch   1/25 | avg settled energy: 24.8724
  Epoch   2/25 | avg settled energy: 21.6866
  Epoch   3/25 | avg settled energy: 19.9512
  Epoch   4/25 | avg settled energy: 18.7224
  Epoch   5/25 | avg settled energy: 17.7361
  Epoch   6/25 | avg settled energy: 16.9204
  Epoch   7/25 | avg settled energy: 16.2345
  Epoch   8/25 | avg settled energy: 15.6334
  Epoch   9/25 | avg settled energy: 15.0922
  Epoch  10/25 | avg settled energy: 14.6292
  Epoch  11/25 | avg settled energy: 14.2011
  Epoch  12/25 | avg settled energy: 13.8311
  Epoch  13/25 | avg settled energy: 13.4801
  Epoch  14/25 | avg settled energy: 13.1622
  Epoch  15/25 | avg settled energy: 12.8624
  Epoch  16/25 | avg settled energy: 12.5913
  Epoch  17/25 | avg settled energy: 12.3351
  Epoch  18/25 | avg settled energy: 12.0926
  Epoch  19/25 | avg settled energy: 11.8736
  Epoch  20/25 | avg settled energy: 11.6596
  Epoch  21/25 | avg settled energy: 11.4580
  Epoch  22/25 | avg settled energy: 11.2755
  Epoch  23/25 | avg settled energy: 11.0897
  Epoch  24/25 | avg settled energy: 10.9188
  Epoch  25/25 | avg settled energy: 10.7593
  Task 2 energy after training:  10.6736
  Task 2 done. Mean train energy over epochs: 14.6027
  Task 1 -> Task-IL: 99.48% (NLL 0.117)
  Task 2 -> Task-IL: 94.03% (NLL 0.216)
  Task 3 -> Task-IL: 68.20% (NLL 0.615)
  Task 4 -> Task-IL: 29.71% (NLL 0.970)
  Task 5 -> Task-IL: 48.56% (NLL 0.825)

--- Training Task 3 ---

[PCNMethod] Task 3 | Task-IL | inference_steps=40 | eta_x=0.1 | eta_w=0.005
  Task 3 energy before training: 15.7339
  Epoch   1/25 | avg settled energy: 13.7463
  Epoch   2/25 | avg settled energy: 12.8168
  Epoch   3/25 | avg settled energy: 12.2807
  Epoch   4/25 | avg settled energy: 11.8688
  Epoch   5/25 | avg settled energy: 11.5232
  Epoch   6/25 | avg settled energy: 11.2227
  Epoch   7/25 | avg settled energy: 10.9547
  Epoch   8/25 | avg settled energy: 10.7082
  Epoch   9/25 | avg settled energy: 10.4854
  Epoch  10/25 | avg settled energy: 10.2779
  Epoch  11/25 | avg settled energy: 10.0925
  Epoch  12/25 | avg settled energy: 9.9236
  Epoch  13/25 | avg settled energy: 9.7681
  Epoch  14/25 | avg settled energy: 9.6251
  Epoch  15/25 | avg settled energy: 9.4904
  Epoch  16/25 | avg settled energy: 9.3638
  Epoch  17/25 | avg settled energy: 9.2436
  Epoch  18/25 | avg settled energy: 9.1324
  Epoch  19/25 | avg settled energy: 9.0239
  Epoch  20/25 | avg settled energy: 8.9209
  Epoch  21/25 | avg settled energy: 8.8209
  Epoch  22/25 | avg settled energy: 8.7219
  Epoch  23/25 | avg settled energy: 8.6240
  Epoch  24/25 | avg settled energy: 8.5318
  Epoch  25/25 | avg settled energy: 8.4448
  Task 3 energy after training:  8.3962
  Task 3 done. Mean train energy over epochs: 10.1445
  Task 1 -> Task-IL: 99.34% (NLL 0.158)
  Task 2 -> Task-IL: 94.66% (NLL 0.230)
  Task 3 -> Task-IL: 95.36% (NLL 0.208)
  Task 4 -> Task-IL: 46.27% (NLL 0.894)
  Task 5 -> Task-IL: 46.70% (NLL 0.857)

--- Training Task 4 ---

[PCNMethod] Task 4 | Task-IL | inference_steps=40 | eta_x=0.1 | eta_w=0.005
  Task 4 energy before training: 12.7119
  Epoch   1/25 | avg settled energy: 11.4277
  Epoch   2/25 | avg settled energy: 10.8300
  Epoch   3/25 | avg settled energy: 10.4273
  Epoch   4/25 | avg settled energy: 9.9395
  Epoch   5/25 | avg settled energy: 9.5313
  Epoch   6/25 | avg settled energy: 9.2047
  Epoch   7/25 | avg settled energy: 8.9488
  Epoch   8/25 | avg settled energy: 8.7378
  Epoch   9/25 | avg settled energy: 8.4984
  Epoch  10/25 | avg settled energy: 8.3004
  Epoch  11/25 | avg settled energy: 8.1385
  Epoch  12/25 | avg settled energy: 7.9994
  Epoch  13/25 | avg settled energy: 7.8894
  Epoch  14/25 | avg settled energy: 7.7683
  Epoch  15/25 | avg settled energy: 7.6712
  Epoch  16/25 | avg settled energy: 7.5648
  Epoch  17/25 | avg settled energy: 7.4799
  Epoch  18/25 | avg settled energy: 7.3872
  Epoch  19/25 | avg settled energy: 7.3072
  Epoch  20/25 | avg settled energy: 7.2449
  Epoch  21/25 | avg settled energy: 7.1738
  Epoch  22/25 | avg settled energy: 7.0852
  Epoch  23/25 | avg settled energy: 7.0287
  Epoch  24/25 | avg settled energy: 6.9589
  Epoch  25/25 | avg settled energy: 6.8907
  Task 4 energy after training:  6.8760
  Task 4 done. Mean train energy over epochs: 8.2974
  Task 1 -> Task-IL: 99.34% (NLL 0.158)
  Task 2 -> Task-IL: 93.49% (NLL 0.258)
  Task 3 -> Task-IL: 96.21% (NLL 0.219)
  Task 4 -> Task-IL: 97.38% (NLL 0.161)
  Task 5 -> Task-IL: 45.54% (NLL 0.858)

--- Training Task 5 ---

[PCNMethod] Task 5 | Task-IL | inference_steps=40 | eta_x=0.1 | eta_w=0.005
  Task 5 energy before training: 9.0438
  Epoch   1/25 | avg settled energy: 8.2937
  Epoch   2/25 | avg settled energy: 7.9753
  Epoch   3/25 | avg settled energy: 7.8293
  Epoch   4/25 | avg settled energy: 7.6893
  Epoch   5/25 | avg settled energy: 7.5740
  Epoch   6/25 | avg settled energy: 7.4714
  Epoch   7/25 | avg settled energy: 7.3678
  Epoch   8/25 | avg settled energy: 7.3033
  Epoch   9/25 | avg settled energy: 7.2330
  Epoch  10/25 | avg settled energy: 7.1794
  Epoch  11/25 | avg settled energy: 7.1182
  Epoch  12/25 | avg settled energy: 7.0487
  Epoch  13/25 | avg settled energy: 7.0034
  Epoch  14/25 | avg settled energy: 6.9438
  Epoch  15/25 | avg settled energy: 6.8954
  Epoch  16/25 | avg settled energy: 6.8633
  Epoch  17/25 | avg settled energy: 6.8147
  Epoch  18/25 | avg settled energy: 6.7682
  Epoch  19/25 | avg settled energy: 6.7289
  Epoch  20/25 | avg settled energy: 6.6981
  Epoch  21/25 | avg settled energy: 6.6673
  Epoch  22/25 | avg settled energy: 6.6378
  Epoch  23/25 | avg settled energy: 6.5945
  Epoch  24/25 | avg settled energy: 6.5576
  Epoch  25/25 | avg settled energy: 6.5329
  Task 5 energy after training:  6.5074
  Task 5 done. Mean train energy over epochs: 7.1116
  Task 1 -> Task-IL: 99.57% (NLL 0.145)
  Task 2 -> Task-IL: 95.30% (NLL 0.254)
  Task 3 -> Task-IL: 93.81% (NLL 0.272)
  Task 4 -> Task-IL: 96.42% (NLL 0.176)
  Task 5 -> Task-IL: 93.80% (NLL 0.261)

=== pcn_xl ===
Task-IL  | ACC: 0.9578 | NLL: 0.2215 | BWT: -0.0034 | FWT: 0.0383 | Forgetting: 0.0087
           NLL-space | BWT: -0.0525 | BWT(best): -0.0525 | FWT: -0.0287 | Forgetting: 0.0525
           per-task NLL: 0.1446, 0.2543, 0.2719, 0.1758, 0.2607
           BCE-NLL avg: 0.9281 | per-task: 0.6255, 0.9382, 1.0543, 0.9231, 1.0992
Class-IL | ACC: 0.6271 | NLL: 1.4782 | BWT: -0.2211 | FWT: -0.0607 | Forgetting: 0.2262
           NLL-space | BWT: -0.6790 | BWT(best): -0.6790 | FWT: -1.1108 | Forgetting: 0.6790
           per-task NLL: 1.5682, 1.6650, 1.5880, 1.1704, 1.3993
Logs saved in results/pcn_xl
Plots saved in results/pcn_xl/plots
