============================================================
  Discriminative PCN MNIST Baseline
============================================================

  Architecture : [784, 512, 512, 10]
  Epochs       : 50
  eta_x        : 0.1
  eta_w        : 0.005
  Inf. steps   : 50

Loading MNIST...
  Train: (60000, 784)  Test: (10000, 784)

 Epoch     Train E   Train Acc    Test Acc   Time(s)
--------------------------------------------------------
     0      0.2174      50.37%      51.31%      48.1s
     1      0.1451      63.16%          -      44.4s
     2      0.1273      69.30%          -      41.8s
     3      0.1173      72.44%          -      44.4s
     4      0.1106      74.98%      75.68%      45.3s
     5      0.1057      76.74%          -      42.9s
     6      0.1017      77.91%          -      43.4s
     7      0.0983      79.16%          -      42.8s
     8      0.0956      80.04%          -      40.7s
     9      0.0931      81.01%      81.76%      43.1s
    10      0.0908      81.53%          -      42.5s
    11      0.0889      81.97%          -      40.4s
    12      0.0871      82.64%          -      43.7s
    13      0.0855      83.32%          -      41.4s
    14      0.0839      83.34%      84.20%      43.4s
    15      0.0825      83.76%          -      42.6s
    16      0.0811      84.15%          -      45.8s
    17      0.0798      84.41%          -      44.4s
    18      0.0786      84.70%          -      44.1s
    19      0.0775      85.17%      85.91%      47.0s
    20      0.0764      85.23%          -      40.0s
    21      0.0753      85.55%          -      39.7s
    22      0.0744      85.85%          -      39.5s
    23      0.0734      85.88%          -      39.4s
    24      0.0726      86.14%      86.70%      47.5s
    25      0.0716      86.15%          -      40.9s
    26      0.0709      86.52%          -      42.0s
    27      0.0701      86.77%          -      40.6s
    28      0.0693      86.84%          -      46.7s
    29      0.0685      87.04%      87.65%      53.4s
    30      0.0678      87.13%          -      46.5s
    31      0.0671      87.33%          -      44.5s
    32      0.0664      87.41%          -      40.1s
    33      0.0657      87.60%          -      39.9s
    34      0.0651      87.62%      87.95%      47.1s
    35      0.0645      87.67%          -      40.7s
    36      0.0639      88.03%          -      40.3s
    37      0.0633      88.23%          -      40.1s
    38      0.0627      88.15%          -      41.4s
    39      0.0621      88.32%      88.65%      46.5s
    40      0.0616      88.32%          -      42.2s
    41      0.0611      88.40%          -      42.9s
    42      0.0606      88.55%          -      42.7s
    43      0.0601      88.45%          -      41.2s
    44      0.0596      88.71%      89.12%      45.9s
    45      0.0591      88.74%          -      42.6s
    46      0.0587      88.85%          -      43.5s
    47      0.0582      88.87%          -      42.2s
    48      0.0578      89.08%          -      42.4s
    49      0.0574      89.18%      89.47%      45.2s

============================================================
  Final Train Accuracy (settled)     : 89.18%
  Final Test  Accuracy (settled)     : 89.47%
  Final Test  Accuracy (single-pass) : 89.47%
============================================================

  [WARN] Settling adds < 0.5% over a single pass — check inference_steps / eta_x, settling may not be contributing.
