============================================================
  Discriminative PCN MNIST Baseline
============================================================

  Architecture : [784, 512, 512, 10]
  Epochs       : 25
  eta_x        : 0.1
  eta_w        : 0.005
  Inf. steps   : 40

Loading MNIST...
  Train: (60000, 784)  Test: (10000, 784)

 Epoch     Train E   Train Acc    Test Acc   Time(s)
--------------------------------------------------------
     0      0.2190      49.93%      50.93%      39.8s
     1      0.1462      62.89%          -      37.4s
     2      0.1282      69.00%          -      39.5s
     3      0.1183      72.20%          -      36.0s
     4      0.1115      74.71%      75.54%      38.3s
     5      0.1065      76.54%          -      34.5s
     6      0.1025      77.70%          -      35.1s
     7      0.0992      78.96%          -      34.5s
     8      0.0964      79.84%          -      39.6s
     9      0.0939      80.82%      81.54%      40.1s
    10      0.0916      81.32%          -      32.9s
    11      0.0897      81.84%          -      37.1s
    12      0.0879      82.53%          -      36.4s
    13      0.0863      83.22%          -      32.7s
    14      0.0846      83.19%      84.03%      36.1s
    15      0.0832      83.62%          -      32.6s
    16      0.0819      84.03%          -      32.9s
    17      0.0806      84.31%          -      37.5s
    18      0.0793      84.58%          -      32.9s
    19      0.0783      85.03%      85.88%      37.2s
    20      0.0772      85.12%          -      39.6s
    21      0.0761      85.42%          -      36.0s
    22      0.0752      85.75%          -      38.8s
    23      0.0742      85.76%          -      34.1s
    24      0.0734      85.99%      86.63%      37.4s

============================================================
  Final Train Accuracy (settled)     : 85.99%
  Final Test  Accuracy (settled)     : 86.63%
  Final Test  Accuracy (single-pass) : 86.63%
============================================================

  [WARN] Settling adds < 0.5% over a single pass — check inference_steps / eta_x, settling may not be contributing.
